
> client@0.1.0 build
> next build

Γû▓ Next.js 16.2.6 (Turbopack)
- Environments: .env.local

  Creating an optimized production build ...
Γ£ô Compiled successfully in 5.5s
  Running TypeScript ...
  Finished TypeScript in 92ms ...
  Collecting page data using 4 workers ...
  Generating static pages using 4 workers (0/3) ...
Γ£ô Generating static pages using 4 workers (3/3) in 575ms
  Finalizing page optimization ...

Route (app)
Γöî Γùï /_not-found
Γöö Γùï /visualizer/ai/astar


Γùï  (Static)  prerendered as static content


> client@0.1.0 postbuild
> next-sitemap

Γ£¿ [next-sitemap] Loading next-sitemap config: file:///C:/Users/Pawan/OneDrive/Desktop/AlgoBuddy/next-sitemap.config.js
Γ£à [next-sitemap] Generation completed
ΓöîΓöÇΓöÇΓöÇΓöÇΓöÇΓöÇΓöÇΓöÇΓöÇΓöÇΓöÇΓöÇΓöÇΓöÇΓöÇΓö¼ΓöÇΓöÇΓöÇΓöÇΓöÇΓöÇΓöÇΓöÇΓöÉ
Γöé (index)       Γöé Values Γöé
Γö£ΓöÇΓöÇΓöÇΓöÇΓöÇΓöÇΓöÇΓöÇΓöÇΓöÇΓöÇΓöÇΓöÇΓöÇΓöÇΓö╝ΓöÇΓöÇΓöÇΓöÇΓöÇΓöÇΓöÇΓöÇΓöñ
Γöé indexSitemaps Γöé 1      Γöé
Γöé sitemaps      Γöé 1      Γöé
ΓööΓöÇΓöÇΓöÇΓöÇΓöÇΓöÇΓöÇΓöÇΓöÇΓöÇΓöÇΓöÇΓöÇΓöÇΓöÇΓö┤ΓöÇΓöÇΓöÇΓöÇΓöÇΓöÇΓöÇΓöÇΓöÿ
-----------------------------------------------------
 SITEMAP INDICES 
-----------------------------------------------------

   Γùï https://algobuddy.vercel.app/sitemap.xml


-----------------------------------------------------
 SITEMAPS 
-----------------------------------------------------

   Γùï https://algobuddy.vercel.app/sitemap-0.xml


